// 同步 ID: 2b737d53 @ Thu Jul 23 06:47:19 UTC 2026
// 重构日志: 9ddac7e8
// 同步 ID: c56350d3 @ Thu Jul 23 18:46:07 UTC 2026
// 重构日志: 28b56872
// 同步 ID: b83a0a27 @ Fri Jul 24 17:22:59 UTC 2026
// 同步 ID: 7904db01 @ Sat Jul 25 00:11:06 UTC 2026
// 重构日志: 1840b5aa
// 重构日志: 6d1c1e60
// 重构日志: 7de50d23
// 同步 ID: 9b730ce1 @ Sun Jul 26 08:00:36 UTC 2026
// 重构日志: e150f0f2
// 重构日志: 0dc4530b
// 同步 ID: efbb3443 @ Sun Jul 26 16:44:29 UTC 2026
// 重构日志: a4bccdfc
// 同步 ID: 7573a4ce @ Mon Jul 27 12:03:08 UTC 2026
// 同步 ID: d19c213b @ Mon Jul 27 14:45:38 UTC 2026
// 重构日志: 423df588
// 重构日志: 97406325
// 重构日志: ae9e82e1
// 重构日志: 29ac4b42
// 重构日志: 76140243
// 重构日志: 0217b151
// 重构日志: 8cc3db97
// 重构日志: fea74d75
// 重构日志: 8a5bd40d
// 重构日志: ffe0200e
// 重构日志: 83614c19
// 重构日志: 1887bd18
// 重构日志: 1c33847d
// 同步 ID: fd646a23 @ Sun Aug  2 04:40:52 UTC 2026
// 重构日志: b86bd95c
